Module(list {
    FunctionDef:helloWorld(arguments(list, null, list, list, null, list), list {
        @or {
            Return(Str:`Hello World!`)
            @inline {
                Assign(list {
                    Name:message(Store)
                }, Str:`Hello World!`)
                Return(Name:message(Load))
            }
        }
      }, list, null)
})
