snapshot {
    @defHint TEST {
        :`Don't forget to test your code once you've made your "draw polygon" block.` You can do this by finding the block, dragging it to the main code area and left clicking on it once.
    }
    @defHint PEN_DOWN {
        :`Using the #down block makes the sprite draw a trail behind it when it moves.`
    }
    @defHint PEN_SIZE {
        :`The #setSize block will set the thickness of the trail drawn by the sprite when it moves.`
    }
    @defHint INPUTS {
        :`Your "draw polygon" block should have three inputs, which you can add using the '+' buttons after the block name.`
        priority(1)
    }
    @defHint THICKNESS_INPUT {
        :`Your "draw polygon" block should have an input for the thickness of the polygon, which should be used to set the pen size.`
        priority(2)
    }
    @defHint LENGTH_INPUT {
        :`Your "draw polygon" block should have an input for the length of each side of the polygon, which affects how far the sprite moves.`
        priority(2)
    }
    @defHint SIDES_INPUT {
        :`Your "draw polygon" block should have an input for the number of sides of the polygon, which affects how many times your code should repeat.`
        priority(2)
    }
    @defHint REPEAT {
        :`The #doRepeat block allows you to run the same code a fixed number of times, like drawing each side of a polygon.`
    }
    @defHint TURN {
        :`The #turn block makes the sprite turn clockwise some degrees, like the corner of a polygon.`
    }
    @defHint TURN_AMOUNT1 {
        :`The amount the sprite should turn after drawnig each side is related to the number of sides.`
        priority(1)
    }
    @defHint TURN_AMOUNT2 {
        :`For a triangle (3 sides), the sprite should turn 120 degrees after each side. For a square (4 sides), it should be 90 degrees.`
        priority(2)
    }
    @defHint CUSTOM_BLOCK {
        :`You should create a new block called "draw polygon" and put your code there. You can do this by clicking the "Make a block" button on the bottom-left of the screen.`
    }
    stage {
        sprite {
            @hint TEST {
                script {
                    @anything
                }
            }
        }
    }
    @hint CUSTOM_BLOCK customBlock {
        script {
            @anyOrder {
                @hint PEN_DOWN
                down
                @hint PEN_SIZE
                setSize(@hint THICKNESS_INPUT var:thickness)
            }
            @hint REPEAT doRepeat(@hint SIDES_INPUT var:sides, script {
                @anyOrder {
                    forward(@hint LENGTH_INPUT var:length)
                    @hint TURN
                    @defBlock TURN {
                        @hint TURN_AMOUNT1 @hint TURN_AMOUNT2
                        reportQuotient(literal, var:sides)
                    }
                    @hint TURN
                    @or {
                        turn(@block TURN)
                        turnLeft(@block TURN)
                    }
                }
            })
            up
        }
        @anyOrder {
            @hint INPUTS {
                @hint LENGTH_INPUT varDec:length
                @hint SIDES_INPUT varDec:sides
                @hint THICKNESS_INPUT varDec:thickness
            }
        }
    }
}