Module(list {
    Import(list {
        alias:string(null)
    })
    FunctionDef:isPunctuation(arguments(list {
        arg:s(null)
    }, null, list, list, null, list), list {
        Return(Compare(Name:s(Load), list {
            In
        }, list {
            Attribute:punctuation(Name:string(Load), Load)
        }))
    }, list, null)
})