snapshot {
    stage {
        sprite {
            @anything
        }
    }
    customBlock {
        script {
            doRepeat(var, script {
                forward(var)
                doWait(literal)
                forward(reportDifference(literal, var))
                doWait(literal)
                turn(reportQuotient(literal, var))
            })
        }
        var
        var
        var
    }
    customBlock {
        script {
            evaluateCustomBlock(var, var, var)
        }
        var
        var
    }
    customBlock {
        script {
            evaluateCustomBlock(var, var, literal)
        }
        var
        var
    }
    customBlock {
        @defVar SIZE {
            @if (SIZE) {
                script {
                    for_*_to__(literal, literal, var, script {
                        evaluateCustomBlock(literal, reportProduct(var, var))
                    })
                }
                var
                var
            }
            @unless (SIZE) {
                script {
                    for_*_to__(literal, literal, var, script {
                        evaluateCustomBlock(literal, reportProduct(literal, var))
                    })
                }
                var
            }
        }
    }
}