snapshot {
    stage {
        sprite {
            @anything
        }
    }
    customBlock {
        script {
            doSetVar(literal, reportURL(literal))
            doSetVar(literal, reportTextSplit(var, literal))
        }
    }
    customBlock {
        script {
            doReport(reportEquals(reportStringSize(var), var))
        }
        var
        var
    }
    customBlock {
        script {
            doReport(reportEquals(reportLetter(var, var), var))
        }
        var
        var
        var
    }
    var
}