snapshot {
    stage {
    sprite {
        script {
            receiveGo
            doSwitchToCostume(literal)
            doWait(literal)
            evaluateCustomBlock
            doSetVar(literal, reportBoolean(literal))
        }
        script {
            createClone(literal)
            bubble(literal)
            doGlide(literal, reportRandom(literal, literal), reportRandom(literal, literal))
            bubble(literal)
        }
        script {
            receiveInteraction(literal)
            doIfElse(var, script {
                doSwitchToCostume(literal)
            }, script {
                doSwitchToCostume(literal)
            })
            doSetVar(literal, reportNot(var))
        }
        script {
            receiveGo
            removeClone
        }
    }
    }
    customBlock {
        script {
            show
            for_*_to__(literal, literal, literal, script {
                for_*_to__(literal, literal, literal, script {
                    gotoXY(reportSum(literal, reportProduct(literal, var)), reportSum(literal, reportProduct(literal, var)))
                    createClone(literal)
                })
            })
            hide
        }
    }
    var
}
