snapshot {
    stage:Stage {
        sprite:Sprite {
            script {
                receiveGo
                doSetVar(varMenu:secret, reportRandom(literal:1, literal:10))
                doSayFor(literal, literal)
                doAsk(literal)
                doSayFor(reportJoinWords(list(literal, getLastAnswer)), literal)
                doUntil(reportEquals(getLastAnswer, var:secret), script {
                    doAsk(literal)
                    doIfElse(reportEquals(getLastAnswer, var:secret), script {
                        doSayFor(literal, literal)
                    }, script {
                        doIfElse(reportLessThan(getLastAnswer, var:secret), script {
                            doSayFor(literal, literal)
                        }, script {
                            doSayFor(literal, literal)
                        })
                    })
                })
            }
        }
    }
    varDec:secret
}